API Key present: true
Testing model: gemini-1.5-flash...
Testing model: gemini-1.5-flash-001...
node : FAILED with 
gemini-1.5-flash: {"e
rror":{"code":404,"me
ssage":"models/gemini
-1.5-flash is not 
found for API 
version v1beta, or 
is not supported for 
generateContent. 
Call ListModels to 
see the list of 
available models and 
their supported metho
ds.","status":"NOT_FO
UND"}} (Status: 404)
At line:1 char:1
+ node 
test-gemini.js > 
test_output.txt 2>&1
+ ~~~~~~~~~~~~~~~~~~~
~~~~~~~~~~~~~~~~~~~~~
~~
    + CategoryInfo   
           : NotSpe  
  cified: (FAILED    
 with gem...} (St    
atus: 404):Strin    
g) [], RemoteExc    
eption
    + FullyQualified 
   ErrorId : Native  
  CommandError
 
Testing model: gemini-1.5-pro...
FAILED with gemini-1.
5-flash-001: {"error"
:{"code":404,"message
":"models/gemini-1.5-
flash-001 is not 
found for API 
version v1beta, or 
is not supported for 
generateContent. 
Call ListModels to 
see the list of 
available models and 
their supported metho
ds.","status":"NOT_FO
UND"}} (Status: 404)
FAILED with 
gemini-1.5-pro: {"err
or":{"code":404,"mess
age":"models/gemini-1
.5-pro is not found 
for API version 
v1beta, or is not 
supported for 
generateContent. 
Call ListModels to 
see the list of 
available models and 
their supported metho
ds.","status":"NOT_FO
UND"}} (Status: 404)
Testing model: gemini-1.0-pro...
FAILED with 
gemini-1.0-pro: {"err
or":{"code":404,"mess
age":"models/gemini-1
.0-pro is not found 
for API version 
v1beta, or is not 
supported for 
generateContent. 
Call ListModels to 
see the list of 
available models and 
their supported metho
ds.","status":"NOT_FO
UND"}} (Status: 404)
Testing model: gemini-2.0-flash-exp...
FAILED with gemini-2.
0-flash-exp: {"error"
:{"code":429,"message
":"You exceeded your 
current quota, 
please check your 
plan and billing 
details. For more 
information on this 
error, head to: https
://ai.google.dev/gemi
ni-api/docs/rate-limi
ts. To monitor your 
current usage, head 
to: https://ai.dev/us
age?tab=rate-limit. 
\n* Quota exceeded 
for metric: generativ
elanguage.googleapis.
com/generate_content_
free_tier_requests, 
limit: 0, model: gemi
ni-2.0-flash-exp\n* 
Quota exceeded for 
metric: generativelan
guage.googleapis.com/
generate_content_free
_tier_requests, 
limit: 0, model: gemi
ni-2.0-flash-exp\n* 
Quota exceeded for 
metric: generativelan
guage.googleapis.com/
generate_content_free
_tier_input_token_cou
nt, limit: 0, model: 
gemini-2.0-flash-exp\
nPlease retry in 40.8
70028065s.","status":
"RESOURCE_EXHAUSTED",
"details":[{"@type":"
type.googleapis.com/g
oogle.rpc.Help","link
s":[{"description":"L
earn more about 
Gemini API quotas","u
rl":"https://ai.googl
e.dev/gemini-api/docs
/rate-limits"}]},{"@t
ype":"type.googleapis
.com/google.rpc.Quota
Failure","violations"
:[{"quotaMetric":"gen
erativelanguage.googl
eapis.com/generate_co
ntent_free_tier_reque
sts","quotaId":"Gener
ateRequestsPerDayPerP
rojectPerModel-FreeTi
er","quotaDimensions"
:{"location":"global"
,"model":"gemini-2.0-
flash-exp"}},{"quotaM
etric":"generativelan
guage.googleapis.com/
generate_content_free
_tier_requests","quot
aId":"GenerateRequest
sPerMinutePerProjectP
erModel-FreeTier","qu
otaDimensions":{"loca
tion":"global","model
":"gemini-2.0-flash-e
xp"}},{"quotaMetric":
"generativelanguage.g
oogleapis.com/generat
e_content_free_tier_i
nput_token_count","qu
otaId":"GenerateConte
ntInputTokensPerModel
PerMinute-FreeTier","
quotaDimensions":{"lo
cation":"global","mod
el":"gemini-2.0-flash
-exp"}}]},{"@type":"t
ype.googleapis.com/go
ogle.rpc.RetryInfo","
retryDelay":"40s"}]}}
 (Status: 429)
